============================= test session starts =============================
platform win32 -- Python 3.13.1, pytest-8.4.1, pluggy-1.6.0 -- C:\Users\atoz\AppData\Local\Programs\Python\Python313\python.exe
cachedir: .pytest_cache
django: version: 6.0, settings: backend.settings (from ini)
rootdir: E:\SaaS_Tools\MyCRM\backend
configfile: pytest.ini
plugins: anyio-4.10.0, dash-2.18.2, Faker-38.2.0, langsmith-0.4.4, locust-2.42.2, asyncio-1.3.0, cov-7.0.0, django-4.11.1
asyncio: mode=Mode.STRICT, debug=False, asyncio_default_fixture_loop_scope=None, asyncio_default_test_loop_scope=function
collecting ... collected 11 items

tests/test_api_auth.py::TestUserRegistration::test_register_user_success ERROR [  9%]

=================================== ERRORS ====================================
______ ERROR at setup of TestUserRegistration.test_register_user_success ______
C:\Users\atoz\AppData\Local\Programs\Python\Python313\Lib\site-packages\django\db\backends\utils.py:103: in _execute
    return self.cursor.execute(sql)
           ^^^^^^^^^^^^^^^^^^^^^^^^
C:\Users\atoz\AppData\Local\Programs\Python\Python313\Lib\site-packages\psycopg\cursor.py:97: in execute
    raise ex.with_traceback(None)
E   psycopg.errors.DuplicateDatabase: database "test_mycrm_db" already exists

The above exception was the direct cause of the following exception:
C:\Users\atoz\AppData\Local\Programs\Python\Python313\Lib\site-packages\django\db\backends\base\creation.py:223: in _create_test_db
    self._execute_create_test_db(cursor, test_db_params, keepdb)
C:\Users\atoz\AppData\Local\Programs\Python\Python313\Lib\site-packages\django\db\backends\postgresql\creation.py:46: in _execute_create_test_db
    super()._execute_create_test_db(cursor, parameters, keepdb)
C:\Users\atoz\AppData\Local\Programs\Python\Python313\Lib\site-packages\django\db\backends\base\creation.py:209: in _execute_create_test_db
    cursor.execute("CREATE DATABASE %(dbname)s %(suffix)s" % parameters)
C:\Users\atoz\AppData\Local\Programs\Python\Python313\Lib\site-packages\django\db\backends\utils.py:79: in execute
    return self._execute_with_wrappers(
C:\Users\atoz\AppData\Local\Programs\Python\Python313\Lib\site-packages\django\db\backends\utils.py:92: in _execute_with_wrappers
    return executor(sql, params, many, context)
           ^^^^^^^^^^^^^^^^^^^^^^^^^^^^^^^^^^^^
C:\Users\atoz\AppData\Local\Programs\Python\Python313\Lib\site-packages\django\db\backends\utils.py:100: in _execute
    with self.db.wrap_database_errors:
         ^^^^^^^^^^^^^^^^^^^^^^^^^^^^
C:\Users\atoz\AppData\Local\Programs\Python\Python313\Lib\site-packages\django\db\utils.py:94: in __exit__
    raise dj_exc_value.with_traceback(traceback) from exc_value
C:\Users\atoz\AppData\Local\Programs\Python\Python313\Lib\site-packages\django\db\backends\utils.py:103: in _execute
    return self.cursor.execute(sql)
           ^^^^^^^^^^^^^^^^^^^^^^^^
C:\Users\atoz\AppData\Local\Programs\Python\Python313\Lib\site-packages\psycopg\cursor.py:97: in execute
    raise ex.with_traceback(None)
E   django.db.utils.ProgrammingError: database "test_mycrm_db" already exists

During handling of the above exception, another exception occurred:
C:\Users\atoz\AppData\Local\Programs\Python\Python313\Lib\site-packages\django\db\backends\utils.py:103: in _execute
    return self.cursor.execute(sql)
           ^^^^^^^^^^^^^^^^^^^^^^^^
C:\Users\atoz\AppData\Local\Programs\Python\Python313\Lib\site-packages\psycopg\cursor.py:97: in execute
    raise ex.with_traceback(None)
E   psycopg.errors.ObjectInUse: database "test_mycrm_db" is being accessed by other users
E   DETAIL:  There is 1 other session using the database.

The above exception was the direct cause of the following exception:
C:\Users\atoz\AppData\Local\Programs\Python\Python313\Lib\site-packages\django\db\backends\base\creation.py:247: in _create_test_db
    cursor.execute("DROP DATABASE %(dbname)s" % test_db_params)
C:\Users\atoz\AppData\Local\Programs\Python\Python313\Lib\site-packages\django\db\backends\utils.py:79: in execute
    return self._execute_with_wrappers(
C:\Users\atoz\AppData\Local\Programs\Python\Python313\Lib\site-packages\django\db\backends\utils.py:92: in _execute_with_wrappers
    return executor(sql, params, many, context)
           ^^^^^^^^^^^^^^^^^^^^^^^^^^^^^^^^^^^^
C:\Users\atoz\AppData\Local\Programs\Python\Python313\Lib\site-packages\django\db\backends\utils.py:100: in _execute
    with self.db.wrap_database_errors:
         ^^^^^^^^^^^^^^^^^^^^^^^^^^^^
C:\Users\atoz\AppData\Local\Programs\Python\Python313\Lib\site-packages\django\db\utils.py:94: in __exit__
    raise dj_exc_value.with_traceback(traceback) from exc_value
C:\Users\atoz\AppData\Local\Programs\Python\Python313\Lib\site-packages\django\db\backends\utils.py:103: in _execute
    return self.cursor.execute(sql)
           ^^^^^^^^^^^^^^^^^^^^^^^^
C:\Users\atoz\AppData\Local\Programs\Python\Python313\Lib\site-packages\psycopg\cursor.py:97: in execute
    raise ex.with_traceback(None)
E   django.db.utils.OperationalError: database "test_mycrm_db" is being accessed by other users
E   DETAIL:  There is 1 other session using the database.

During handling of the above exception, another exception occurred:
C:\Users\atoz\AppData\Local\Programs\Python\Python313\Lib\site-packages\pytest_asyncio\plugin.py:728: in pytest_fixture_setup
    return (yield)
            ^^^^^
C:\Users\atoz\AppData\Local\Programs\Python\Python313\Lib\site-packages\pytest_django\fixtures.py:198: in django_db_setup
    db_cfg = setup_databases(
C:\Users\atoz\AppData\Local\Programs\Python\Python313\Lib\site-packages\django\test\utils.py:207: in setup_databases
    connection.creation.create_test_db(
C:\Users\atoz\AppData\Local\Programs\Python\Python313\Lib\site-packages\django\db\backends\base\creation.py:69: in create_test_db
    self._create_test_db(verbosity, autoclobber, keepdb)
C:\Users\atoz\AppData\Local\Programs\Python\Python313\Lib\site-packages\django\db\backends\base\creation.py:251: in _create_test_db
    sys.exit(2)
E   SystemExit: 2
---------------------------- Captured stderr setup ----------------------------
Creating test database for alias 'default' ('test_mycrm_db')...

Got an error creating the test database: database "test_mycrm_db" already exists

Destroying old test database for alias 'default' ('test_mycrm_db')...

Got an error recreating the test database: database "test_mycrm_db" is being accessed by other users
DETAIL:  There is 1 other session using the database.

============================== warnings summary ===============================
backend\settings.py:191
  E:\SaaS_Tools\MyCRM\backend\backend\settings.py:191: UserWarning: Configured host 'redis' could not be resolved (getaddrinfo failed). Falling back to '127.0.0.1'. If you intended to connect to a Docker service, either run the app inside the same compose network or set the DATABASE_HOST appropriately.
    REDIS_HOST = _resolve_env_host('REDIS_HOST', 'localhost')

backend\settings.py:227
  E:\SaaS_Tools\MyCRM\backend\backend\settings.py:227: UserWarning: Configured host 'db' could not be resolved (getaddrinfo failed). Falling back to '127.0.0.1'. If you intended to connect to a Docker service, either run the app inside the same compose network or set the DATABASE_HOST appropriately.
    'HOST': _resolve_env_host('DATABASE_HOST', 'localhost'),

C:\Users\atoz\AppData\Local\Programs\Python\Python313\Lib\importlib\__init__.py:88
  C:\Users\atoz\AppData\Local\Programs\Python\Python313\Lib\importlib\__init__.py:88: UserWarning: ENCRYPTION_KEY not set! Enterprise encryption features will not work.
    return _bootstrap._gcd_import(name[level:], package, level)

-- Docs: https://docs.pytest.org/en/stable/how-to/capture-warnings.html
=========================== short test summary info ===========================
ERROR tests/test_api_auth.py::TestUserRegistration::test_register_user_success - SystemExit: 2
!!!!!!!!!!!!!!!!!!!!!!!!!! stopping after 1 failures !!!!!!!!!!!!!!!!!!!!!!!!!!
======================== 3 warnings, 1 error in 15.42s ========================
